kotlin version: 2.0.0
error message: Daemon compilation failed: Connection to the Kotlin daemon has been unexpectedly lost. This might be caused by the daemon being killed by another process or the operating system, or by JVM crash.
org.jetbrains.kotlin.gradle.tasks.DaemonCrashedException: Connection to the Kotlin daemon has been unexpectedly lost. This might be caused by the daemon being killed by another process or the operating system, or by JVM crash.
	at org.jetbrains.kotlin.gradle.tasks.TasksUtilsKt.wrapAndRethrowCompilationException(tasksUtils.kt:55)
	at org.jetbrains.kotlin.compilerRunner.GradleKotlinCompilerWork.compileWithDaemon(GradleKotlinCompilerWork.kt:243)
	at org.jetbrains.kotlin.compilerRunner.GradleKotlinCompilerWork.compileWithDaemonOrFallbackImpl(GradleKotlinCompilerWork.kt:159)
	at org.jetbrains.kotlin.compilerRunner.GradleKotlinCompilerWork.run(GradleKotlinCompilerWork.kt:111)
	at org.jetbrains.kotlin.compilerRunner.GradleCompilerRunnerWithWorkers$GradleKotlinCompilerWorkAction.execute(GradleCompilerRunnerWithWorkers.kt:76)
	at org.gradle.workers.internal.DefaultWorkerServer.execute(DefaultWorkerServer.java:63)
	at org.gradle.workers.internal.NoIsolationWorkerFactory$1$1.create(NoIsolationWorkerFactory.java:66)
	at org.gradle.workers.internal.NoIsolationWorkerFactory$1$1.create(NoIsolationWorkerFactory.java:62)
	at org.gradle.internal.classloader.ClassLoaderUtils.executeInClassloader(ClassLoaderUtils.java:100)
	at org.gradle.workers.internal.NoIsolationWorkerFactory$1.lambda$execute$0(NoIsolationWorkerFactory.java:62)
	at org.gradle.workers.internal.AbstractWorker$1.call(AbstractWorker.java:44)
	at org.gradle.workers.internal.AbstractWorker$1.call(AbstractWorker.java:41)
	at org.gradle.internal.operations.DefaultBuildOperationRunner$CallableBuildOperationWorker.execute(DefaultBuildOperationRunner.java:210)
	at org.gradle.internal.operations.DefaultBuildOperationRunner$CallableBuildOperationWorker.execute(DefaultBuildOperationRunner.java:205)
	at org.gradle.internal.operations.DefaultBuildOperationRunner$2.execute(DefaultBuildOperationRunner.java:67)
	at org.gradle.internal.operations.DefaultBuildOperationRunner$2.execute(DefaultBuildOperationRunner.java:60)
	at org.gradle.internal.operations.DefaultBuildOperationRunner.execute(DefaultBuildOperationRunner.java:167)
	at org.gradle.internal.operations.DefaultBuildOperationRunner.execute(DefaultBuildOperationRunner.java:60)
	at org.gradle.internal.operations.DefaultBuildOperationRunner.call(DefaultBuildOperationRunner.java:54)
	at org.gradle.workers.internal.AbstractWorker.executeWrappedInBuildOperation(AbstractWorker.java:41)
	at org.gradle.workers.internal.NoIsolationWorkerFactory$1.execute(NoIsolationWorkerFactory.java:59)
	at org.gradle.workers.internal.DefaultWorkerExecutor.lambda$submitWork$0(DefaultWorkerExecutor.java:174)
	at java.base/java.util.concurrent.FutureTask.run(Unknown Source)
	at org.gradle.internal.work.DefaultConditionalExecutionQueue$ExecutionRunner.runExecution(DefaultConditionalExecutionQueue.java:194)
	at org.gradle.internal.work.DefaultConditionalExecutionQueue$ExecutionRunner.access$700(DefaultConditionalExecutionQueue.java:127)
	at org.gradle.internal.work.DefaultConditionalExecutionQueue$ExecutionRunner$1.run(DefaultConditionalExecutionQueue.java:169)
	at org.gradle.internal.Factories$1.create(Factories.java:31)
	at org.gradle.internal.work.DefaultWorkerLeaseService.withLocks(DefaultWorkerLeaseService.java:263)
	at org.gradle.internal.work.DefaultWorkerLeaseService.runAsWorkerThread(DefaultWorkerLeaseService.java:127)
	at org.gradle.internal.work.DefaultWorkerLeaseService.runAsWorkerThread(DefaultWorkerLeaseService.java:132)
	at org.gradle.internal.work.DefaultConditionalExecutionQueue$ExecutionRunner.runBatch(DefaultConditionalExecutionQueue.java:164)
	at org.gradle.internal.work.DefaultConditionalExecutionQueue$ExecutionRunner.run(DefaultConditionalExecutionQueue.java:133)
	at java.base/java.util.concurrent.Executors$RunnableAdapter.call(Unknown Source)
	at java.base/java.util.concurrent.FutureTask.run(Unknown Source)
	at org.gradle.internal.concurrent.ExecutorPolicy$CatchAndRecordFailures.onExecute(ExecutorPolicy.java:64)
	at org.gradle.internal.concurrent.AbstractManagedExecutor$1.run(AbstractManagedExecutor.java:48)
	at java.base/java.util.concurrent.ThreadPoolExecutor.runWorker(Unknown Source)
	at java.base/java.util.concurrent.ThreadPoolExecutor$Worker.run(Unknown Source)
	at java.base/java.lang.Thread.run(Unknown Source)
Caused by: java.rmi.UnmarshalException: error unmarshalling return; nested exception is: 
	java.io.WriteAbortedException: writing aborted; java.io.NotSerializableException: org.jetbrains.kotlin.com.intellij.util.SmartList
	at java.rmi/sun.rmi.server.UnicastRef.invoke(Unknown Source)
	at java.rmi/java.rmi.server.RemoteObjectInvocationHandler.invokeRemoteMethod(Unknown Source)
	at java.rmi/java.rmi.server.RemoteObjectInvocationHandler.invoke(Unknown Source)
	at jdk.proxy4/jdk.proxy4.$Proxy155.compile(Unknown Source)
	at org.jetbrains.kotlin.compilerRunner.GradleKotlinCompilerWork.incrementalCompilationWithDaemon(GradleKotlinCompilerWork.kt:331)
	at org.jetbrains.kotlin.compilerRunner.GradleKotlinCompilerWork.compileWithDaemon(GradleKotlinCompilerWork.kt:235)
	... 37 more
Caused by: java.io.WriteAbortedException: writing aborted; java.io.NotSerializableException: org.jetbrains.kotlin.com.intellij.util.SmartList
	at java.base/java.io.ObjectInputStream.readObject0(Unknown Source)
	at java.base/java.io.ObjectInputStream$FieldValues.<init>(Unknown Source)
	at java.base/java.io.ObjectInputStream.readSerialData(Unknown Source)
	at java.base/java.io.ObjectInputStream.readOrdinaryObject(Unknown Source)
	at java.base/java.io.ObjectInputStream.readObject0(Unknown Source)
	at java.base/java.io.ObjectInputStream$FieldValues.<init>(Unknown Source)
	at java.base/java.io.ObjectInputStream.defaultReadObject(Unknown Source)
	at java.base/java.lang.Throwable.readObject(Unknown Source)
	at java.base/jdk.internal.reflect.DirectMethodHandleAccessor.invoke(Unknown Source)
	at java.base/java.lang.reflect.Method.invoke(Unknown Source)
	at java.base/java.io.ObjectStreamClass.invokeReadObject(Unknown Source)
	at java.base/java.io.ObjectInputStream.readSerialData(Unknown Source)
	at java.base/java.io.ObjectInputStream.readOrdinaryObject(Unknown Source)
	at java.base/java.io.ObjectInputStream.readObject0(Unknown Source)
	at java.base/java.io.ObjectInputStream.readObject(Unknown Source)
	at java.base/java.io.ObjectInputStream.readObject(Unknown Source)
	at java.base/java.util.ArrayList.readObject(Unknown Source)
	at java.base/jdk.internal.reflect.DirectMethodHandleAccessor.invoke(Unknown Source)
	at java.base/java.lang.reflect.Method.invoke(Unknown Source)
	at java.base/java.io.ObjectStreamClass.invokeReadObject(Unknown Source)
	at java.base/java.io.ObjectInputStream.readSerialData(Unknown Source)
	at java.base/java.io.ObjectInputStream.readOrdinaryObject(Unknown Source)
	at java.base/java.io.ObjectInputStream.readObject0(Unknown Source)
	at java.base/java.io.ObjectInputStream$FieldValues.<init>(Unknown Source)
	at java.base/java.io.ObjectInputStream.defaultReadObject(Unknown Source)
	at java.base/java.lang.Throwable.readObject(Unknown Source)
	at java.base/jdk.internal.reflect.DirectMethodHandleAccessor.invoke(Unknown Source)
	at java.base/java.lang.reflect.Method.invoke(Unknown Source)
	at java.base/java.io.ObjectStreamClass.invokeReadObject(Unknown Source)
	at java.base/java.io.ObjectInputStream.readSerialData(Unknown Source)
	at java.base/java.io.ObjectInputStream.readOrdinaryObject(Unknown Source)
	at java.base/java.io.ObjectInputStream.readObject0(Unknown Source)
	at java.base/java.io.ObjectInputStream$FieldValues.<init>(Unknown Source)
	at java.base/java.io.ObjectInputStream.defaultReadObject(Unknown Source)
	at java.base/java.lang.Throwable.readObject(Unknown Source)
	at java.base/jdk.internal.reflect.DirectMethodHandleAccessor.invoke(Unknown Source)
	at java.base/java.lang.reflect.Method.invoke(Unknown Source)
	at java.base/java.io.ObjectStreamClass.invokeReadObject(Unknown Source)
	at java.base/java.io.ObjectInputStream.readSerialData(Unknown Source)
	at java.base/java.io.ObjectInputStream.readOrdinaryObject(Unknown Source)
	at java.base/java.io.ObjectInputStream.readObject0(Unknown Source)
	at java.base/java.io.ObjectInputStream$FieldValues.<init>(Unknown Source)
	at java.base/java.io.ObjectInputStream.readSerialData(Unknown Source)
	at java.base/java.io.ObjectInputStream.readOrdinaryObject(Unknown Source)
	at java.base/java.io.ObjectInputStream.readObject0(Unknown Source)
	at java.base/java.io.ObjectInputStream.readObject(Unknown Source)
	at java.base/java.io.ObjectInputStream.readObject(Unknown Source)
	at java.rmi/sun.rmi.server.UnicastRef.unmarshalValue(Unknown Source)
	... 43 more
Caused by: java.io.NotSerializableException: org.jetbrains.kotlin.com.intellij.util.SmartList
	at java.base/java.io.ObjectOutputStream.writeObject0(Unknown Source)
	at java.base/java.io.ObjectOutputStream.defaultWriteFields(Unknown Source)
	at java.base/java.io.ObjectOutputStream.writeSerialData(Unknown Source)
	at java.base/java.io.ObjectOutputStream.writeOrdinaryObject(Unknown Source)
	at java.base/java.io.ObjectOutputStream.writeObject0(Unknown Source)
	at java.base/java.io.ObjectOutputStream.defaultWriteFields(Unknown Source)
	at java.base/java.io.ObjectOutputStream.defaultWriteObject(Unknown Source)
	at java.base/java.lang.Throwable.writeObject(Unknown Source)
	at java.base/jdk.internal.reflect.DirectMethodHandleAccessor.invoke(Unknown Source)
	at java.base/java.lang.reflect.Method.invoke(Unknown Source)
	at java.base/java.io.ObjectStreamClass.invokeWriteObject(Unknown Source)
	at java.base/java.io.ObjectOutputStream.writeSerialData(Unknown Source)
	at java.base/java.io.ObjectOutputStream.writeOrdinaryObject(Unknown Source)
	at java.base/java.io.ObjectOutputStream.writeObject0(Unknown Source)
	at java.base/java.io.ObjectOutputStream.writeObject(Unknown Source)
	at java.base/java.util.ArrayList.writeObject(Unknown Source)
	at java.base/jdk.internal.reflect.DirectMethodHandleAccessor.invoke(Unknown Source)
	at java.base/java.lang.reflect.Method.invoke(Unknown Source)
	at java.base/java.io.ObjectStreamClass.invokeWriteObject(Unknown Source)
	at java.base/java.io.ObjectOutputStream.writeSerialData(Unknown Source)
	at java.base/java.io.ObjectOutputStream.writeOrdinaryObject(Unknown Source)
	at java.base/java.io.ObjectOutputStream.writeObject0(Unknown Source)
	at java.base/java.io.ObjectOutputStream.defaultWriteFields(Unknown Source)
	at java.base/java.io.ObjectOutputStream.defaultWriteObject(Unknown Source)
	at java.base/java.lang.Throwable.writeObject(Unknown Source)
	at java.base/jdk.internal.reflect.DirectMethodHandleAccessor.invoke(Unknown Source)
	at java.base/java.lang.reflect.Method.invoke(Unknown Source)
	at java.base/java.io.ObjectStreamClass.invokeWriteObject(Unknown Source)
	at java.base/java.io.ObjectOutputStream.writeSerialData(Unknown Source)
	at java.base/java.io.ObjectOutputStream.writeOrdinaryObject(Unknown Source)
	at java.base/java.io.ObjectOutputStream.writeObject0(Unknown Source)
	at java.base/java.io.ObjectOutputStream.defaultWriteFields(Unknown Source)
	at java.base/java.io.ObjectOutputStream.defaultWriteObject(Unknown Source)
	at java.base/java.lang.Throwable.writeObject(Unknown Source)
	at java.base/jdk.internal.reflect.DirectMethodHandleAccessor.invoke(Unknown Source)
	at java.base/java.lang.reflect.Method.invoke(Unknown Source)
	at java.base/java.io.ObjectStreamClass.invokeWriteObject(Unknown Source)
	at java.base/java.io.ObjectOutputStream.writeSerialData(Unknown Source)
	at java.base/java.io.ObjectOutputStream.writeOrdinaryObject(Unknown Source)
	at java.base/java.io.ObjectOutputStream.writeObject0(Unknown Source)
	at java.base/java.io.ObjectOutputStream.defaultWriteFields(Unknown Source)
	at java.base/java.io.ObjectOutputStream.writeSerialData(Unknown Source)
	at java.base/java.io.ObjectOutputStream.writeOrdinaryObject(Unknown Source)
	at java.base/java.io.ObjectOutputStream.writeObject0(Unknown Source)
	at java.base/java.io.ObjectOutputStream.writeObject(Unknown Source)
	at java.rmi/sun.rmi.server.UnicastRef.marshalValue(Unknown Source)
	at java.rmi/sun.rmi.server.UnicastServerRef.dispatch(Unknown Source)
	at java.rmi/sun.rmi.transport.Transport$1.run(Unknown Source)
	at java.rmi/sun.rmi.transport.Transport$1.run(Unknown Source)
	at java.base/java.security.AccessController.doPrivileged(Unknown Source)
	at java.rmi/sun.rmi.transport.Transport.serviceCall(Unknown Source)
	at java.rmi/sun.rmi.transport.tcp.TCPTransport.handleMessages(Unknown Source)
	at java.rmi/sun.rmi.transport.tcp.TCPTransport$ConnectionHandler.run0(Unknown Source)
	at java.rmi/sun.rmi.transport.tcp.TCPTransport$ConnectionHandler.lambda$run$0(Unknown Source)
	at java.base/java.security.AccessController.doPrivileged(Unknown Source)
	at java.rmi/sun.rmi.transport.tcp.TCPTransport$ConnectionHandler.run(Unknown Source)
	... 3 more


